################################################################################
#                                                                              #
#      IAR Universal Linker V6.4.6.89                                          #
#                                                                              #
#           Link time     =  15/Dec/2016  15:23:59                             #
#           Target CPU    =  MSP430                                            #
#           List file     =  "C:\Users\Windows\Dropbox\Documentos\IAR\Estabili #
#                            zador MSP430 IAR\Estabilizador 0_0\Debug\List\pru #
#                            eba_uart.map"                                     #
#           Output file 1 =  "C:\Users\Windows\Dropbox\Documentos\IAR\Estabili #
#                            zador MSP430 IAR\Estabilizador 0_0\Debug\Exe\prue #
#                            ba_uart.d43"                                      #
#                            Format: ubrof10                                   #
#                            UBROF version 10.0.6                              #
#                            Using library modules for C-SPY (-rt)             #
#           Command line  =  "C:\Users\Windows\Dropbox\Documentos\IAR\Estabili #
#                            zador MSP430 IAR\Estabilizador 0_0\Debug\Obj\I2C. #
#                            r43"                                              #
#                            "C:\Users\Windows\Dropbox\Documentos\IAR\Estabili #
#                            zador MSP430 IAR\Estabilizador 0_0\Debug\Obj\main #
#                            .r43"                                             #
#                            "C:\Users\Windows\Dropbox\Documentos\IAR\Estabili #
#                            zador MSP430 IAR\Estabilizador 0_0\Debug\Obj\MPU6 #
#                            050.r43"                                          #
#                            "C:\Program Files (x86)\IAR Systems\Embedded Work #
#                            bench 7.4\430\lib\QmathLib\QmathLib_IAR_G2xx_CPU. #
#                            lib"                                              #
#                            "C:\Users\Windows\Dropbox\Documentos\IAR\Estabili #
#                            zador MSP430 IAR\Estabilizador 0_0\Debug\Obj\SERV #
#                            O.r43"                                            #
#                            "C:\Users\Windows\Dropbox\Documentos\IAR\Estabili #
#                            zador MSP430 IAR\Estabilizador 0_0\Debug\Obj\UART #
#                            .r43"                                             #
#                            -o                                                #
#                            "C:\Users\Windows\Dropbox\Documentos\IAR\Estabili #
#                            zador MSP430 IAR\Estabilizador 0_0\Debug\Exe\prue #
#                            ba_uart.d43"                                      #
#                            -l                                                #
#                            "C:\Users\Windows\Dropbox\Documentos\IAR\Estabili #
#                            zador MSP430 IAR\Estabilizador 0_0\Debug\List\pru #
#                            eba_uart.map"                                     #
#                            -xms                                              #
#                            "-IC:\Program Files (x86)\IAR Systems\Embedded Wo #
#                            rkbench 7.4\430\LIB\"                             #
#                            -f                                                #
#                            "C:\Program Files (x86)\IAR Systems\Embedded Work #
#                            bench 7.4\430\config\linker\lnk430g2553.xcl"      #
#                            (-cmsp430 -QCODE_I=CODE_ID -QTLS16_I=TLS16_ID     #
#                            -Z(CONST)INFO=1000-10FF                           #
#                            -Z(CONST)INFOA=10C0-10FF                          #
#                            -Z(CONST)INFOB=1080-10BF                          #
#                            -Z(CONST)INFOC=1040-107F                          #
#                            -Z(CONST)INFOD=1000-103F                          #
#                            -Z(DATA)DATA16_I,DATA16_Z,DATA16_N,TLS16_I=0200-0 #
#                            3FF                                               #
#                            -Z(DATA)DATA16_HEAP+_DATA16_HEAP_SIZE             #
#                            -Z(DATA)CODE_I -Z(DATA)CSTACK+_STACK_SIZE#        #
#                            -Z(CONST)DATA16_C,DATA16_ID,TLS16_ID,DIFUNCT,CHEC #
#                            KSUM=C000-FFDD                                    #
#                            -Z(CODE)CSTART,ISR_CODE,CODE_ID=C000-FFDD         #
#                            -P(CODE)CODE=C000-FFDD                            #
#                            -Z(CONST)SIGNATURE=FFDE-FFDF                      #
#                            -Z(CODE)INTVEC=FFE0-FFFF                          #
#                            -Z(CODE)RESET=FFFE-FFFF) -D_STACK_SIZE=50 -rt     #
#                            "C:\Program Files (x86)\IAR Systems\Embedded Work #
#                            bench 7.4\430\lib\dlib\dl430fn.r43"               #
#                            -e_PrintfLarge=_Printf -e_ScanfLarge=_Scanf       #
#                            -D_DATA16_HEAP_SIZE=50 -s __program_start         #
#                            -D_DATA20_HEAP_SIZE=50                            #
#                                                                              #
#                           Copyright (C) 1987-2016 IAR Systems AB.            #
################################################################################





                ****************************************
                *                                      *
                *           CROSS REFERENCE            *
                *                                      *
                ****************************************

       Program entry at :           C044  Relocatable, from module : ?cstart




                ****************************************
                *                                      *
                *            RUNTIME MODEL             *
                *                                      *
                ****************************************

  __Heap_Handler             = Basic
  __SystemLibrary            = DLib
  __core                     = 430
  __dlib_file_descriptor     = 0
  __dlib_full_locale_support = 0
  __double_size              = 32
  __pic                      = no
  __reg_r4                   = free
  __reg_r5                   = free
  __rt_version               = 3

                ****************************************
                *                                      *
                *    AUTOMATIC SYMBOL REDIRECTIONS     *
                *                                      *
                ****************************************

                  There are no automatic symbol redirections.



                ****************************************
                *                                      *
                *              MODULE MAP              *
                *                                      *
                ****************************************


  DEFINED ABSOLUTE ENTRIES
    *************************************************************************

  DEFINED ABSOLUTE ENTRIES
  PROGRAM MODULE, NAME : ?ABS_ENTRY_MOD

Absolute parts
           ENTRY                   ADDRESS         REF BY
           =====                   =======         ======
           _DATA20_HEAP_SIZE       0050 
           _DATA16_HEAP_SIZE       0050 
           _STACK_SIZE             0050 
    *************************************************************************

  FILE NAME : C:\Users\Windows\Dropbox\Documentos\IAR\Estabilizador MSP430 IAR\Estabilizador 0_0\Debug\Obj\I2C.r43
  PROGRAM MODULE, NAME : I2C

  SEGMENTS IN THE MODULE
  ======================
DATA16_AN
  Relative segment, address: 0003 - 0003 (0x1 bytes), align: 0
  Segment part 1. ROOT        Intra module refs:   ByteRead_I2C_USCI
                                                   ByteWrite_I2C_USCI
                                                   UART_Write_Char (UART)
                                                   UART_Write_String (UART)
           ENTRY                   ADDRESS         REF BY
           =====                   =======         ======
           _A_IFG2                 0003 
           LOCAL                   ADDRESS         
           =====                   =======         
           IFG2                    0003 
           IFG2_bit                0003 
    -------------------------------------------------------------------------
DATA16_AN
  Relative segment, address: 0026 - 0026 (0x1 bytes), align: 0
  Segment part 2. ROOT        Intra module refs:   Init_I2C_USCI
                                                   UART_Init (UART)
           ENTRY                   ADDRESS         REF BY
           =====                   =======         ======
           _A_P1SEL                0026 
           LOCAL                   ADDRESS         
           =====                   =======         
           P1SEL                   0026 
           P1SEL_bit               0026 
    -------------------------------------------------------------------------
DATA16_AN
  Relative segment, address: 0041 - 0041 (0x1 bytes), align: 0
  Segment part 3. ROOT        Intra module refs:   Init_I2C_USCI
                                                   UART_Init (UART)
           ENTRY                   ADDRESS         REF BY
           =====                   =======         ======
           _A_P1SEL2               0041 
           LOCAL                   ADDRESS         
           =====                   =======         
           P1SEL2                  0041 
           P1SEL2_bit              0041 
    -------------------------------------------------------------------------
DATA16_AN
  Relative segment, address: 0068 - 0068 (0x1 bytes), align: 0
  Segment part 4. ROOT        Intra module refs:   Init_I2C_USCI
           ENTRY                   ADDRESS         REF BY
           =====                   =======         ======
           _A_UCB0CTL0__SPI        0068 
           LOCAL                   ADDRESS         
           =====                   =======         
           UCB0CTL0                0068 
           UCB0CTL0__SPI           0068 
           UCB0CTL0__SPI_bit       0068 
           UCB0CTL0_bit            0068 
    -------------------------------------------------------------------------
DATA16_AN
  Relative segment, address: 0069 - 0069 (0x1 bytes), align: 0
  Segment part 5. ROOT        Intra module refs:   ByteRead_I2C_USCI
                                                   ByteWrite_I2C_USCI
                                                   Init_I2C_USCI
           ENTRY                   ADDRESS         REF BY
           =====                   =======         ======
           _A_UCB0CTL1__SPI        0069 
           LOCAL                   ADDRESS         
           =====                   =======         
           UCB0CTL1                0069 
           UCB0CTL1__SPI           0069 
           UCB0CTL1__SPI_bit       0069 
           UCB0CTL1_bit            0069 
    -------------------------------------------------------------------------
DATA16_AN
  Relative segment, address: 006A - 006A (0x1 bytes), align: 0
  Segment part 6. ROOT        Intra module refs:   Init_I2C_USCI
           ENTRY                   ADDRESS         REF BY
           =====                   =======         ======
           _A_UCB0BR0__SPI         006A 
           LOCAL                   ADDRESS         
           =====                   =======         
           UCB0BR0                 006A 
           UCB0BR0__SPI            006A 
    -------------------------------------------------------------------------
DATA16_AN
  Relative segment, address: 006B - 006B (0x1 bytes), align: 0
  Segment part 7. ROOT        Intra module refs:   Init_I2C_USCI
           ENTRY                   ADDRESS         REF BY
           =====                   =======         ======
           _A_UCB0BR1__SPI         006B 
           LOCAL                   ADDRESS         
           =====                   =======         
           UCB0BR1                 006B 
           UCB0BR1__SPI            006B 
    -------------------------------------------------------------------------
DATA16_AN
  Relative segment, address: 006E - 006E (0x1 bytes), align: 0
  Segment part 8. ROOT        Intra module refs:   ByteRead_I2C_USCI
           ENTRY                   ADDRESS         REF BY
           =====                   =======         ======
           _A_UCB0RXBUF__SPI       006E 
           LOCAL                   ADDRESS         
           =====                   =======         
           UCB0RXBUF               006E 
           UCB0RXBUF__SPI          006E 
    -------------------------------------------------------------------------
DATA16_AN
  Relative segment, address: 006F - 006F (0x1 bytes), align: 0
  Segment part 9. ROOT        Intra module refs:   ByteRead_I2C_USCI
                                                   ByteWrite_I2C_USCI
           ENTRY                   ADDRESS         REF BY
           =====                   =======         ======
           _A_UCB0TXBUF__SPI       006F 
           LOCAL                   ADDRESS         
           =====                   =======         
           UCB0TXBUF               006F 
           UCB0TXBUF__SPI          006F 
    -------------------------------------------------------------------------
DATA16_AN
  Relative segment, address: 011A - 011B (0x2 bytes), align: 0
  Segment part 10. ROOT       Intra module refs:   Init_I2C_USCI
           ENTRY                   ADDRESS         REF BY
           =====                   =======         ======
           _A_UCB0I2CSA            011A 
           LOCAL                   ADDRESS         
           =====                   =======         
           UCB0I2CSA               011A 
           UCB0I2CSA_bit           011A 
    -------------------------------------------------------------------------
<CODE> 1 (was CODE)
  Relative segment, address: CDE0 - CE13 (0x34 bytes), align: 1
  Segment part 12.
           ENTRY                   ADDRESS         REF BY
           =====                   =======         ======
           Init_I2C_USCI           CDE0            MPU6050_Init (MPU6050)
    -------------------------------------------------------------------------
<CODE> 1 (was CODE)
  Relative segment, address: CD6C - CDA7 (0x3c bytes), align: 1
  Segment part 14.
           ENTRY                   ADDRESS         REF BY
           =====                   =======         ======
           ByteRead_I2C_USCI       CD6C            Get_Accel_Values (MPU6050)
    -------------------------------------------------------------------------
<CODE> 1 (was CODE)
  Relative segment, address: CE14 - CE45 (0x32 bytes), align: 1
  Segment part 15.
           ENTRY                   ADDRESS         REF BY
           =====                   =======         ======
           ByteWrite_I2C_USCI      CE14            MPU6050_Init (MPU6050)

    *************************************************************************

  FILE NAME : C:\Users\Windows\Dropbox\Documentos\IAR\Estabilizador MSP430 IAR\Estabilizador 0_0\Debug\Obj\main.r43
  PROGRAM MODULE, NAME : main

  SEGMENTS IN THE MODULE
  ======================
DATA16_AN
  Relative segment, address: 0056 - 0056 (0x1 bytes), align: 0
  Segment part 1. ROOT        Intra module refs:   main
           ENTRY                   ADDRESS         REF BY
           =====                   =======         ======
           _A_DCOCTL               0056 
           LOCAL                   ADDRESS         
           =====                   =======         
           DCOCTL                  0056 
           DCOCTL_bit              0056 
    -------------------------------------------------------------------------
DATA16_AN
  Relative segment, address: 0057 - 0057 (0x1 bytes), align: 0
  Segment part 2. ROOT        Intra module refs:   main
           ENTRY                   ADDRESS         REF BY
           =====                   =======         ======
           _A_BCSCTL1              0057 
           LOCAL                   ADDRESS         
           =====                   =======         
           BCSCTL1                 0057 
           BCSCTL1_bit             0057 
    -------------------------------------------------------------------------
DATA16_AN
  Relative segment, address: 0058 - 0058 (0x1 bytes), align: 0
  Segment part 3. ROOT        Intra module refs:   main
           ENTRY                   ADDRESS         REF BY
           =====                   =======         ======
           _A_BCSCTL2              0058 
           LOCAL                   ADDRESS         
           =====                   =======         
           BCSCTL2                 0058 
           BCSCTL2_bit             0058 
    -------------------------------------------------------------------------
DATA16_AN
  Relative segment, address: 0120 - 0121 (0x2 bytes), align: 0
  Segment part 4. ROOT        Intra module refs:   main
           ENTRY                   ADDRESS         REF BY
           =====                   =======         ======
           _A_WDTCTL               0120 
           LOCAL                   ADDRESS         
           =====                   =======         
           WDTCTL                  0120 
           WDTCTL_bit              0120 
    -------------------------------------------------------------------------
DATA16_AN
  Relative segment, address: 10F8 - 10F8 (0x1 bytes), align: 0
  Segment part 5. ROOT        Intra module refs:   main
           ENTRY                   ADDRESS         REF BY
           =====                   =======         ======
           CALDCO_16MHZ            10F8 
    -------------------------------------------------------------------------
DATA16_AN
  Relative segment, address: 10F9 - 10F9 (0x1 bytes), align: 0
  Segment part 6. ROOT        Intra module refs:   main
           ENTRY                   ADDRESS         REF BY
           =====                   =======         ======
           CALBC1_16MHZ            10F9 
    -------------------------------------------------------------------------
DATA16_AN
  Relative segment, address: 10FF - 10FF (0x1 bytes), align: 0
  Segment part 7. ROOT        Intra module refs:   main
           ENTRY                   ADDRESS         REF BY
           =====                   =======         ======
           CALBC1_1MHZ             10FF 
    -------------------------------------------------------------------------
DATA16_Z
  Relative segment, address: 0200 - 0203 (0x4 bytes), align: 1
  Segment part 13.            Intra module refs:   main
           ENTRY                   ADDRESS         REF BY
           =====                   =======         ======
           roll                    0200 
    -------------------------------------------------------------------------
DATA16_Z
  Relative segment, address: 0204 - 0207 (0x4 bytes), align: 1
  Segment part 14.            Intra module refs:   main
           ENTRY                   ADDRESS         REF BY
           =====                   =======         ======
           pitch                   0204 
    -------------------------------------------------------------------------
<CODE> 1 (was CODE)
  Relative segment, address: C520 - C62D (0x10e bytes), align: 1
  Segment part 15.
           ENTRY                   ADDRESS         REF BY
           =====                   =======         ======
           main                    C520            Segment part 18 (?cstart)
               calls direct
    -------------------------------------------------------------------------
DATA16_C
  Relative segment, address: C020 - C029 (0xa bytes), align: 0
  Segment part 9.             Intra module refs:   main
    -------------------------------------------------------------------------
DATA16_C
  Relative segment, address: C02A - C032 (0x9 bytes), align: 0
  Segment part 10.            Intra module refs:   main
    -------------------------------------------------------------------------
DATA16_C
  Relative segment, address: C033 - C03D (0xb bytes), align: 0
  Segment part 11.            Intra module refs:   main
    -------------------------------------------------------------------------
DATA16_C
  Relative segment, address: C03E - C040 (0x3 bytes), align: 0
  Segment part 12.            Intra module refs:   main

    *************************************************************************

  FILE NAME : C:\Users\Windows\Dropbox\Documentos\IAR\Estabilizador MSP430 IAR\Estabilizador 0_0\Debug\Obj\MPU6050.r43
  PROGRAM MODULE, NAME : MPU6050

  SEGMENTS IN THE MODULE
  ======================
<CODE> 1 (was CODE)
  Relative segment, address: CD28 - CD6B (0x44 bytes), align: 1
  Segment part 2.
           ENTRY                   ADDRESS         REF BY
           =====                   =======         ======
           MPU6050_Init            CD28            main (main)
               calls direct
    -------------------------------------------------------------------------
<CODE> 1 (was CODE)
  Relative segment, address: C99A - CA43 (0xaa bytes), align: 1
  Segment part 4.             Intra module refs:   Get_Angle_Values
           ENTRY                   ADDRESS         REF BY
           =====                   =======         ======
           Get_Accel_Values        C99A 
               calls direct
    -------------------------------------------------------------------------
<CODE> 1 (was CODE)
  Relative segment, address: C810 - C8E3 (0xd4 bytes), align: 1
  Segment part 5.
           ENTRY                   ADDRESS         REF BY
           =====                   =======         ======
           Get_Angle_Values        C810            main (main)
               calls direct

    *************************************************************************

  FILE NAME : C:\Program Files (x86)\IAR Systems\Embedded Workbench 7.4\430\lib\QmathLib\QmathLib_IAR_G2xx_CPU.lib
    *************************************************************************

  FILE NAME : C:\Users\Windows\Dropbox\Documentos\IAR\Estabilizador MSP430 IAR\Estabilizador 0_0\Debug\Obj\SERVO.r43
  PROGRAM MODULE, NAME : SERVO

  SEGMENTS IN THE MODULE
  ======================
DATA16_AN
  Relative segment, address: 002A - 002A (0x1 bytes), align: 0
  Segment part 1. ROOT        Intra module refs:   conf_servos
           ENTRY                   ADDRESS         REF BY
           =====                   =======         ======
           _A_P2DIR                002A 
           LOCAL                   ADDRESS         
           =====                   =======         
           P2DIR                   002A 
           P2DIR_bit               002A 
    -------------------------------------------------------------------------
DATA16_AN
  Relative segment, address: 002E - 002E (0x1 bytes), align: 0
  Segment part 2. ROOT        Intra module refs:   conf_servos
           ENTRY                   ADDRESS         REF BY
           =====                   =======         ======
           _A_P2SEL                002E 
           LOCAL                   ADDRESS         
           =====                   =======         
           P2SEL                   002E 
           P2SEL_bit               002E 
    -------------------------------------------------------------------------
DATA16_AN
  Relative segment, address: 0180 - 0181 (0x2 bytes), align: 0
  Segment part 3. ROOT        Intra module refs:   conf_servos
           ENTRY                   ADDRESS         REF BY
           =====                   =======         ======
           _A_TA1CTL               0180 
           LOCAL                   ADDRESS         
           =====                   =======         
           TA1CTL                  0180 
           TA1CTL_bit              0180 
    -------------------------------------------------------------------------
DATA16_AN
  Relative segment, address: 0184 - 0185 (0x2 bytes), align: 0
  Segment part 4. ROOT        Intra module refs:   conf_servos
           ENTRY                   ADDRESS         REF BY
           =====                   =======         ======
           _A_TA1CCTL1             0184 
           LOCAL                   ADDRESS         
           =====                   =======         
           TA1CCTL1                0184 
           TA1CCTL1_bit            0184 
    -------------------------------------------------------------------------
DATA16_AN
  Relative segment, address: 0186 - 0187 (0x2 bytes), align: 0
  Segment part 5. ROOT        Intra module refs:   conf_servos
           ENTRY                   ADDRESS         REF BY
           =====                   =======         ======
           _A_TA1CCTL2             0186 
           LOCAL                   ADDRESS         
           =====                   =======         
           TA1CCTL2                0186 
           TA1CCTL2_bit            0186 
    -------------------------------------------------------------------------
DATA16_AN
  Relative segment, address: 0192 - 0193 (0x2 bytes), align: 0
  Segment part 6. ROOT        Intra module refs:   conf_servos
           ENTRY                   ADDRESS         REF BY
           =====                   =======         ======
           TA1CCR0                 0192 
    -------------------------------------------------------------------------
DATA16_AN
  Relative segment, address: 0194 - 0195 (0x2 bytes), align: 0
  Segment part 7. ROOT        Intra module refs:   angle_servo
           ENTRY                   ADDRESS         REF BY
           =====                   =======         ======
           TA1CCR1                 0194 
    -------------------------------------------------------------------------
DATA16_AN
  Relative segment, address: 0196 - 0197 (0x2 bytes), align: 0
  Segment part 8. ROOT        Intra module refs:   angle_servo
           ENTRY                   ADDRESS         REF BY
           =====                   =======         ======
           TA1CCR2                 0196 
    -------------------------------------------------------------------------
<CODE> 1 (was CODE)
  Relative segment, address: CEA8 - CED5 (0x2e bytes), align: 1
  Segment part 10.
           ENTRY                   ADDRESS         REF BY
           =====                   =======         ======
           conf_servos             CEA8            main (main)
    -------------------------------------------------------------------------
<CODE> 1 (was CODE)
  Relative segment, address: CF28 - CF49 (0x22 bytes), align: 1
  Segment part 11.
           ENTRY                   ADDRESS         REF BY
           =====                   =======         ======
           angle_servo             CF28            main (main)

    *************************************************************************

  FILE NAME : C:\Users\Windows\Dropbox\Documentos\IAR\Estabilizador MSP430 IAR\Estabilizador 0_0\Debug\Obj\UART.r43
  PROGRAM MODULE, NAME : UART

  SEGMENTS IN THE MODULE
  ======================
DATA16_AN
  Relative segment, address: 0060 - 0060 (0x1 bytes), align: 0
  Segment part 4. ROOT        Intra module refs:   UART_Init
           ENTRY                   ADDRESS         REF BY
           =====                   =======         ======
           _A_UCA0CTL0             0060 
           LOCAL                   ADDRESS         
           =====                   =======         
           UCA0CTL0                0060 
           UCA0CTL0__SPI           0060 
           UCA0CTL0__SPI_bit       0060 
           UCA0CTL0_bit            0060 
    -------------------------------------------------------------------------
DATA16_AN
  Relative segment, address: 0061 - 0061 (0x1 bytes), align: 0
  Segment part 5. ROOT        Intra module refs:   UART_Init
           ENTRY                   ADDRESS         REF BY
           =====                   =======         ======
           _A_UCA0CTL1             0061 
           LOCAL                   ADDRESS         
           =====                   =======         
           UCA0CTL1                0061 
           UCA0CTL1__SPI           0061 
           UCA0CTL1__SPI_bit       0061 
           UCA0CTL1_bit            0061 
    -------------------------------------------------------------------------
DATA16_AN
  Relative segment, address: 0062 - 0062 (0x1 bytes), align: 0
  Segment part 6. ROOT        Intra module refs:   UART_Init
           ENTRY                   ADDRESS         REF BY
           =====                   =======         ======
           _A_UCA0BR0              0062 
           LOCAL                   ADDRESS         
           =====                   =======         
           UCA0BR0                 0062 
           UCA0BR0__SPI            0062 
    -------------------------------------------------------------------------
DATA16_AN
  Relative segment, address: 0063 - 0063 (0x1 bytes), align: 0
  Segment part 7. ROOT        Intra module refs:   UART_Init
           ENTRY                   ADDRESS         REF BY
           =====                   =======         ======
           _A_UCA0BR1              0063 
           LOCAL                   ADDRESS         
           =====                   =======         
           UCA0BR1                 0063 
           UCA0BR1__SPI            0063 
    -------------------------------------------------------------------------
DATA16_AN
  Relative segment, address: 0064 - 0064 (0x1 bytes), align: 0
  Segment part 8. ROOT        Intra module refs:   UART_Init
           ENTRY                   ADDRESS         REF BY
           =====                   =======         ======
           _A_UCA0MCTL             0064 
           LOCAL                   ADDRESS         
           =====                   =======         
           UCA0MCTL                0064 
           UCA0MCTL__SPI           0064 
           UCA0MCTL_bit            0064 
    -------------------------------------------------------------------------
DATA16_AN
  Relative segment, address: 0066 - 0066 (0x1 bytes), align: 0
  Segment part 9. ROOT 
           ENTRY                   ADDRESS         REF BY
           =====                   =======         ======
           _A_UCA0RXBUF            0066 
           LOCAL                   ADDRESS         
           =====                   =======         
           UCA0RXBUF               0066 
           UCA0RXBUF__SPI          0066 
    -------------------------------------------------------------------------
DATA16_AN
  Relative segment, address: 0067 - 0067 (0x1 bytes), align: 0
  Segment part 10. ROOT       Intra module refs:   UART_Write_Char
                                                   UART_Write_String
           ENTRY                   ADDRESS         REF BY
           =====                   =======         ======
           _A_UCA0TXBUF            0067 
           LOCAL                   ADDRESS         
           =====                   =======         
           UCA0TXBUF               0067 
           UCA0TXBUF__SPI          0067 
    -------------------------------------------------------------------------
<CODE> 1 (was CODE)
  Relative segment, address: CED6 - CF03 (0x2e bytes), align: 1
  Segment part 13.
           ENTRY                   ADDRESS         REF BY
           =====                   =======         ======
           UART_Init               CED6            main (main)
    -------------------------------------------------------------------------
<CODE> 1 (was CODE)
  Relative segment, address: CFF4 - CFFF (0xc bytes), align: 1
  Segment part 14.            Intra module refs:   UART_Write_Float
                                                   UART_Write_Int
           ENTRY                   ADDRESS         REF BY
           =====                   =======         ======
           UART_Write_Char         CFF4 
    -------------------------------------------------------------------------
<CODE> 1 (was CODE)
  Relative segment, address: CF7C - CF91 (0x16 bytes), align: 1
  Segment part 15.            Intra module refs:   UART_Write_NL
           ENTRY                   ADDRESS         REF BY
           =====                   =======         ======
           UART_Write_String       CF7C            main (main)
    -------------------------------------------------------------------------
<CODE> 1 (was CODE)
  Relative segment, address: D016 - D01D (0x8 bytes), align: 1
  Segment part 16.
           ENTRY                   ADDRESS         REF BY
           =====                   =======         ======
           UART_Write_NL           D016            main (main)
               calls direct
    -------------------------------------------------------------------------
<CODE> 1 (was CODE)
  Relative segment, address: CB6A - CBEB (0x82 bytes), align: 1
  Segment part 17.            Intra module refs:   UART_Write_Float
           ENTRY                   ADDRESS         REF BY
           =====                   =======         ======
           UART_Write_Int          CB6A 
               calls direct
    -------------------------------------------------------------------------
<CODE> 1 (was CODE)
  Relative segment, address: C8E4 - C999 (0xb6 bytes), align: 1
  Segment part 18.
           ENTRY                   ADDRESS         REF BY
           =====                   =======         ======
           UART_Write_Float        C8E4            main (main)
               calls direct
    -------------------------------------------------------------------------
DATA16_C
  Relative segment, address: C041 - C043 (0x3 bytes), align: 0
  Segment part 12.            Intra module refs:   UART_Write_NL

    *************************************************************************

  FILE NAME : C:\Program Files (x86)\IAR Systems\Embedded Workbench 7.4\430\lib\dlib\dl430fn.r43
  LIBRARY MODULE, NAME : ?__dbg_break

  SEGMENTS IN THE MODULE
  ======================
<CODE> 1 (was CODE)
  Relative segment, address: D026 - D027 (0x2 bytes), align: 1
  Segment part 2.
           ENTRY                   ADDRESS         REF BY
           =====                   =======         ======
           __DebugBreak            D026            __exit (?__exit)

    -------------------------------------------------------------------------
  LIBRARY MODULE, NAME : ?__exit

  SEGMENTS IN THE MODULE
  ======================
<CODE> 1 (was CODE)
  Relative segment, address: CFA6 - CFB7 (0x12 bytes), align: 1
  Segment part 2.
           ENTRY                   ADDRESS         REF BY
           =====                   =======         ======
           __exit                  CFA6            Segment part 6 (?_exit)
                                                   _exit (?_exit)
               calls direct

    -------------------------------------------------------------------------
  LIBRARY MODULE, NAME : ?atan2f

  SEGMENTS IN THE MODULE
  ======================
<CODE> 1 (was CODE)
  Relative segment, address: C722 - C80F (0xee bytes), align: 1
  Segment part 2.
           ENTRY                   ADDRESS         REF BY
           =====                   =======         ======
           atan2f                  C722            Get_Angle_Values (MPU6050)
               calls direct

    -------------------------------------------------------------------------
  LIBRARY MODULE, NAME : ?_exit

  SEGMENTS IN THE MODULE
  ======================
<CODE> 1 (was CODE)
  Relative segment, address: D01E, align: 1
  Segment part 0.
           ENTRY                   ADDRESS         REF BY
           =====                   =======         ======
           _exit                   D01E            exit (?exit)
    -------------------------------------------------------------------------
<CODE> 1 (was CODE)
  Relative segment, address: D01E - D021 (0x4 bytes), align: 1
  Segment part 6.             Intra module refs:   _exit

    -------------------------------------------------------------------------
  LIBRARY MODULE, NAME : ?cstart

  SEGMENTS IN THE MODULE
  ======================
CSTACK
  Relative segment, address: 03B0, align: 1
  Segment part 1.
    -------------------------------------------------------------------------
DATA16_Z
  Relative segment, address: 0208, align: 1
  Segment part 2.
    -------------------------------------------------------------------------
CSTART
  Relative segment, address: C044 - C047 (0x4 bytes), align: 1
  Segment part 9.
           ENTRY                   ADDRESS         REF BY
           =====                   =======         ======
           __program_start         C044            ?reset_vector (?reset_vector)
                                                   Absolute parts (?ABS_ENTRY_MOD)
           ?cstart_begin           C044 
    -------------------------------------------------------------------------
CSTART
  Relative segment, address: C048 - C053 (0xc bytes), align: 1
  Segment part 13.
           ENTRY                   ADDRESS         REF BY
           =====                   =======         ======
           ?cstart_init_zero       C048            __iar_Errno (?errno)
                                                   pitch (main)
                                                   roll (main)
    -------------------------------------------------------------------------
CSTART
  Relative segment, address: C054 - C05B (0x8 bytes), align: 1
  Segment part 18.            Intra module refs:   Segment part 9
           ENTRY                   ADDRESS         REF BY
           =====                   =======         ======
           ?cstart_call_main       C054 
           ?cstart_end             C05C 

    -------------------------------------------------------------------------
  LIBRARY MODULE, NAME : ?reset_vector

  SEGMENTS IN THE MODULE
  ======================
RESET
  Relative segment, address: FFFE - FFFF (0x2 bytes), align: 1
  Segment part 0.
           ENTRY                   ADDRESS         REF BY
           =====                   =======         ======
           ?reset_vector           FFFE            Segment part 9 (?cstart)

    -------------------------------------------------------------------------
  LIBRARY MODULE, NAME : ?Epilogue

  SEGMENTS IN THE MODULE
  ======================
<CODE> 1 (was CODE)
  Relative segment, address: CFE6 - CFE7 (0x2 bytes), align: 1
  Segment part 2.
           ENTRY                   ADDRESS         REF BY
           =====                   =======         ======
           ?Epilogue6              CFE6            Get_Angle_Values (MPU6050)
    -------------------------------------------------------------------------
<CODE> 1 (was CODE)
  Relative segment, address: CFE8 - CFE9 (0x2 bytes), align: 1
  Segment part 3.             Intra module refs:   ?Epilogue6
           ENTRY                   ADDRESS         REF BY
           =====                   =======         ======
           ?Epilogue5              CFE8            UART_Write_Float (UART)
    -------------------------------------------------------------------------
<CODE> 1 (was CODE)
  Relative segment, address: CFEA - CFEB (0x2 bytes), align: 1
  Segment part 4.             Intra module refs:   ?Epilogue5
           ENTRY                   ADDRESS         REF BY
           =====                   =======         ======
           ?Epilogue4              CFEA 
    -------------------------------------------------------------------------
<CODE> 1 (was CODE)
  Relative segment, address: CFEC - CFF3 (0x8 bytes), align: 1
  Segment part 5.             Intra module refs:   ?Epilogue4
           ENTRY                   ADDRESS         REF BY
           =====                   =======         ======
           ?Epilogue3              CFEC            __iar_Atan (?xatan)

    -------------------------------------------------------------------------
  LIBRARY MODULE, NAME : ?errno

  SEGMENTS IN THE MODULE
  ======================
DATA16_Z
  Relative segment, address: 0208 - 0209 (0x2 bytes), align: 1
  Segment part 2.
           ENTRY                   ADDRESS         REF BY
           =====                   =======         ======
           __iar_Errno             0208            sqrt (?sqrt)

    -------------------------------------------------------------------------
  LIBRARY MODULE, NAME : ?exit

  SEGMENTS IN THE MODULE
  ======================
<CODE> 1 (was CODE)
  Relative segment, address: D022 - D025 (0x4 bytes), align: 1
  Segment part 2.
           ENTRY                   ADDRESS         REF BY
           =====                   =======         ======
           exit                    D022            Segment part 18 (?cstart)
               calls direct

    -------------------------------------------------------------------------
  LIBRARY MODULE, NAME : ?Cast32f32i

  SEGMENTS IN THE MODULE
  ======================
<CODE> 1 (was CODE)
  Relative segment, address: CAD8 - CAEB (0x14 bytes), align: 1
  Segment part 0.
           ENTRY                   ADDRESS         REF BY
           =====                   =======         ======
           _Cast32sto32f           CAD8            Get_Angle_Values (MPU6050)
                                                   main (main)
    -------------------------------------------------------------------------
<CODE> 1 (was CODE)
  Relative segment, address: CAEC - CB69 (0x7e bytes), align: 1
  Segment part 1.             Intra module refs:   _Cast32sto32f
           ENTRY                   ADDRESS         REF BY
           =====                   =======         ======
           _Cast32uto32f           CAEC            UART_Write_Float (UART)

    -------------------------------------------------------------------------
  LIBRARY MODULE, NAME : _Cast32fto32u

  SEGMENTS IN THE MODULE
  ======================
<CODE> 1 (was CODE)
  Relative segment, address: D000 - D00B (0xc bytes), align: 1
  Segment part 0.
           ENTRY                   ADDRESS         REF BY
           =====                   =======         ======
           _Cast32fto32u           D000            UART_Write_Float (UART)

    -------------------------------------------------------------------------
  LIBRARY MODULE, NAME : _Cast32fto32s

  SEGMENTS IN THE MODULE
  ======================
<CODE> 1 (was CODE)
  Relative segment, address: CE46 - CE77 (0x32 bytes), align: 1
  Segment part 0.
           ENTRY                   ADDRESS         REF BY
           =====                   =======         ======
           _Cast32fto32s           CE46            main (main)

    -------------------------------------------------------------------------
  LIBRARY MODULE, NAME : ?FLT_Extract

  SEGMENTS IN THE MODULE
  ======================
<CODE> 1 (was CODE)
  Relative segment, address: CC94 - CCDF (0x4c bytes), align: 1
  Segment part 0.
           ENTRY                   ADDRESS         REF BY
           =====                   =======         ======
           ?FLT_Extract            CC94            _Cast32fto32s (_Cast32fto32s)
                                                   _Cast32fto32u (_Cast32fto32u)

    -------------------------------------------------------------------------
  LIBRARY MODULE, NAME : ?FLT_GE

  SEGMENTS IN THE MODULE
  ======================
<CODE> 1 (was CODE)
  Relative segment, address: CBEC - CC41 (0x56 bytes), align: 1
  Segment part 0.
           ENTRY                   ADDRESS         REF BY
           =====                   =======         ======
           ?FLT_GE                 CBEC            __iar_Atan (?xatan)

    -------------------------------------------------------------------------
  LIBRARY MODULE, NAME : ?FLT_LT

  SEGMENTS IN THE MODULE
  ======================
<CODE> 1 (was CODE)
  Relative segment, address: CC42 - CC93 (0x52 bytes), align: 1
  Segment part 0.
           ENTRY                   ADDRESS         REF BY
           =====                   =======         ======
           ?FLT_LT                 CC42            UART_Write_Float (UART)
                                                   __iar_Atan (?xatan)
                                                   atan2f (?atan2f)

    -------------------------------------------------------------------------
  LIBRARY MODULE, NAME : _Mul32f

  SEGMENTS IN THE MODULE
  ======================
<CODE> 1 (was CODE)
  Relative segment, address: C410 - C51F (0x110 bytes), align: 1
  Segment part 0.
           ENTRY                   ADDRESS         REF BY
           =====                   =======         ======
           _Mul32f                 C410            Get_Angle_Values (MPU6050)
                                                   UART_Write_Float (UART)
                                                   __iar_Atan (?xatan)
                                                   sqrt (?sqrt)

    -------------------------------------------------------------------------
  LIBRARY MODULE, NAME : _Div32f

  SEGMENTS IN THE MODULE
  ======================
<CODE> 1 (was CODE)
  Relative segment, address: C1C0 - C2EF (0x130 bytes), align: 1
  Segment part 0.
           ENTRY                   ADDRESS         REF BY
           =====                   =======         ======
           _Div32f                 C1C0            Segment part 5 (?sqrt)
                                                   __iar_Atan (?xatan)
                                                   atan2f (?atan2f)

    -------------------------------------------------------------------------
  LIBRARY MODULE, NAME : _Add32f

  SEGMENTS IN THE MODULE
  ======================
<CODE> 1 (was CODE)
  Relative segment, address: C05C - C05F (0x4 bytes), align: 1
  Segment part 0.
           ENTRY                   ADDRESS         REF BY
           =====                   =======         ======
           _Sub32f                 C05C            UART_Write_Float (UART)
    -------------------------------------------------------------------------
<CODE> 1 (was CODE)
  Relative segment, address: C060 - C1BF (0x160 bytes), align: 1
  Segment part 1.             Intra module refs:   _Sub32f
           ENTRY                   ADDRESS         REF BY
           =====                   =======         ======
           _Add32f                 C060            Get_Angle_Values (MPU6050)
                                                   Segment part 4 (?sqrt)
                                                   __iar_Atan (?xatan)
                                                   sqrt (?sqrt)

    -------------------------------------------------------------------------
  LIBRARY MODULE, NAME : ?DivMod816u

  SEGMENTS IN THE MODULE
  ======================
<CODE> 1 (was CODE)
  Relative segment, address: CF64 - CF7B (0x18 bytes), align: 1
  Segment part 1.
           ENTRY                   ADDRESS         REF BY
           =====                   =======         ======
           ?DivMod16u              CF64            ?DivMod16s (?DivMod816s)

    -------------------------------------------------------------------------
  LIBRARY MODULE, NAME : ?DivMod816s

  SEGMENTS IN THE MODULE
  ======================
<CODE> 1 (was CODE)
  Relative segment, address: CE78 - CEA7 (0x30 bytes), align: 1
  Segment part 1.
           ENTRY                   ADDRESS         REF BY
           =====                   =======         ======
           ?DivMod16s              CE78            sqrt (?sqrt)

    -------------------------------------------------------------------------
  LIBRARY MODULE, NAME : ?DivMod32u

  SEGMENTS IN THE MODULE
  ======================
<CODE> 1 (was CODE)
  Relative segment, address: CDA8 - CDDF (0x38 bytes), align: 1
  Segment part 0.
           ENTRY                   ADDRESS         REF BY
           =====                   =======         ======
           ?DivMod32u              CDA8            UART_Write_Int (UART)

    -------------------------------------------------------------------------
  LIBRARY MODULE, NAME : ?ShiftLeft16_n

  SEGMENTS IN THE MODULE
  ======================
<CODE> 1 (was CODE)
  Relative segment, address: CFC8 - CFC9 (0x2 bytes), align: 1
  Segment part 0.
           ENTRY                   ADDRESS         REF BY
           =====                   =======         ======
           ?ShiftLeft16_7          CFC8            __iar_Dscale (?xdscale)
    -------------------------------------------------------------------------
<CODE> 1 (was CODE)
  Relative segment, address: CFCA - CFCB (0x2 bytes), align: 1
  Segment part 1.             Intra module refs:   ?ShiftLeft16_7
           ENTRY                   ADDRESS         REF BY
           =====                   =======         ======
           ?ShiftLeft16_6          CFCA 
    -------------------------------------------------------------------------
<CODE> 1 (was CODE)
  Relative segment, address: CFCC - CFCD (0x2 bytes), align: 1
  Segment part 2.             Intra module refs:   ?ShiftLeft16_6
           ENTRY                   ADDRESS         REF BY
           =====                   =======         ======
           ?ShiftLeft16_5          CFCC 
    -------------------------------------------------------------------------
<CODE> 1 (was CODE)
  Relative segment, address: CFCE - CFCF (0x2 bytes), align: 1
  Segment part 3.             Intra module refs:   ?ShiftLeft16_5
           ENTRY                   ADDRESS         REF BY
           =====                   =======         ======
           ?ShiftLeft16_4          CFCE 
    -------------------------------------------------------------------------
<CODE> 1 (was CODE)
  Relative segment, address: CFD0 - CFD7 (0x8 bytes), align: 1
  Segment part 4.             Intra module refs:   ?ShiftLeft16_4
           ENTRY                   ADDRESS         REF BY
           =====                   =======         ======
           ?ShiftLeft16_3          CFD0 

    -------------------------------------------------------------------------
  LIBRARY MODULE, NAME : ?ShiftRight16u_n

  SEGMENTS IN THE MODULE
  ======================
<CODE> 1 (was CODE)
  Relative segment, address: CF4A - CF4D (0x4 bytes), align: 1
  Segment part 0.
           ENTRY                   ADDRESS         REF BY
           =====                   =======         ======
           ?ShiftRight16u_7        CF4A            __iar_Dscale (?xdscale)
                                                   __iar_Dtest (?xdtest)
                                                   __iar_Dunscale (?xdunscal)
    -------------------------------------------------------------------------
<CODE> 1 (was CODE)
  Relative segment, address: CF4E - CF51 (0x4 bytes), align: 1
  Segment part 1.             Intra module refs:   ?ShiftRight16u_7
           ENTRY                   ADDRESS         REF BY
           =====                   =======         ======
           ?ShiftRight16u_6        CF4E 
    -------------------------------------------------------------------------
<CODE> 1 (was CODE)
  Relative segment, address: CF52 - CF55 (0x4 bytes), align: 1
  Segment part 2.             Intra module refs:   ?ShiftRight16u_6
           ENTRY                   ADDRESS         REF BY
           =====                   =======         ======
           ?ShiftRight16u_5        CF52 
    -------------------------------------------------------------------------
<CODE> 1 (was CODE)
  Relative segment, address: CF56 - CF59 (0x4 bytes), align: 1
  Segment part 3.             Intra module refs:   ?ShiftRight16u_5
           ENTRY                   ADDRESS         REF BY
           =====                   =======         ======
           ?ShiftRight16u_4        CF56 
    -------------------------------------------------------------------------
<CODE> 1 (was CODE)
  Relative segment, address: CF5A - CF63 (0xa bytes), align: 1
  Segment part 4.             Intra module refs:   ?ShiftRight16u_4
           ENTRY                   ADDRESS         REF BY
           =====                   =======         ======
           ?ShiftRight16u_3        CF5A 

    -------------------------------------------------------------------------
  LIBRARY MODULE, NAME : ?memzero

  SEGMENTS IN THE MODULE
  ======================
<CODE> 1 (was CODE)
  Relative segment, address: CFB8 - CFC7 (0x10 bytes), align: 1
  Segment part 2.
           ENTRY                   ADDRESS         REF BY
           =====                   =======         ======
           __data16_memzero        CFB8            ?cstart_init_zero (?cstart)

    -------------------------------------------------------------------------
  LIBRARY MODULE, NAME : ?sqrt

  SEGMENTS IN THE MODULE
  ======================
<CODE> 1 (was CODE)
  Relative segment, address: C62E - C721 (0xf4 bytes), align: 1
  Segment part 2.
           ENTRY                   ADDRESS         REF BY
           =====                   =======         ======
           sqrt                    C62E            Get_Angle_Values (MPU6050)
               calls direct
    -------------------------------------------------------------------------
<CODE> 1 (was CODE)
  Relative segment, address: D00C - D015 (0xa bytes), align: 1
  Segment part 3.             Intra module refs:   sqrt
    -------------------------------------------------------------------------
<CODE> 1 (was CODE)
  Relative segment, address: CFD8 - CFE5 (0xe bytes), align: 1
  Segment part 4.             Intra module refs:   sqrt
    -------------------------------------------------------------------------
<CODE> 1 (was CODE)
  Relative segment, address: CF92 - CFA5 (0x14 bytes), align: 1
  Segment part 5.             Intra module refs:   sqrt

    -------------------------------------------------------------------------
  LIBRARY MODULE, NAME : ?xatan

  SEGMENTS IN THE MODULE
  ======================
DATA16_C
  Relative segment, address: C000 - C01F (0x20 bytes), align: 1
  Segment part 2.             Intra module refs:   __iar_Atan
    -------------------------------------------------------------------------
<CODE> 1 (was CODE)
  Relative segment, address: C2F0 - C40F (0x120 bytes), align: 1
  Segment part 3.
           ENTRY                   ADDRESS         REF BY
           =====                   =======         ======
           __iar_Atan              C2F0            atan2f (?atan2f)
               calls direct

    -------------------------------------------------------------------------
  LIBRARY MODULE, NAME : ?xdscale

  SEGMENTS IN THE MODULE
  ======================
<CODE> 1 (was CODE)
  Relative segment, address: CA44 - CAD7 (0x94 bytes), align: 1
  Segment part 2.
           ENTRY                   ADDRESS         REF BY
           =====                   =======         ======
           __iar_Dscale            CA44            sqrt (?sqrt)
               calls direct

    -------------------------------------------------------------------------
  LIBRARY MODULE, NAME : ?xdtest

  SEGMENTS IN THE MODULE
  ======================
<CODE> 1 (was CODE)
  Relative segment, address: CF04 - CF27 (0x24 bytes), align: 1
  Segment part 2.
           ENTRY                   ADDRESS         REF BY
           =====                   =======         ======
           __iar_Dtest             CF04            atan2f (?atan2f)
               calls direct

    -------------------------------------------------------------------------
  LIBRARY MODULE, NAME : ?xdunscal

  SEGMENTS IN THE MODULE
  ======================
<CODE> 1 (was CODE)
  Relative segment, address: CCE0 - CD27 (0x48 bytes), align: 1
  Segment part 2.
           ENTRY                   ADDRESS         REF BY
           =====                   =======         ======
           __iar_Dunscale          CCE0            sqrt (?sqrt)
               calls direct




                ****************************************
                *                                      *
                *      SEGMENTS IN ADDRESS ORDER       *
                *                                      *
                ****************************************


SEGMENT              SPACE    START ADDRESS   END ADDRESS     SIZE  TYPE  ALIGN
=======              =====    =============   ===========     ====  ====  =====
DATA16_AN                              0003 - 0003               1   rel    0
                                       0026 - 0026               1 
                                       002A - 002A               1 
                                       002E - 002E               1 
                                       0041 - 0041               1 
                                       0056 - 0058               3 
                                       0060 - 0064               5 
                                       0066 - 006B               6 
                                       006E - 006F               2 
                                       011A - 011B               2 
                                       0120 - 0121               2 
                                       0180 - 0181               2 
                                       0184 - 0187               4 
                                       0192 - 0197               6 
DATA16_I                                  0200                       dse    0
DATA16_Z                               0200 - 0209               A   rel    1
CSTACK                                 03B0 - 03FF              50   rel    1
DATA16_AN                              10F8 - 10F9               2   rel    0
                                       10FF - 10FF               1 
DATA16_C                               C000 - C043              44   rel    1
CSTART                                 C044 - C05B              18   rel    1
<CODE> 1                               C05C - D027             FCC   rel    1
RESET                                  FFFE - FFFF               2   rel    1

                ****************************************
                *                                      *
                *        END OF CROSS REFERENCE        *
                *                                      *
                ****************************************

 4 070 bytes of CODE  memory
    90 bytes of DATA  memory (+ 40 absolute )
    68 bytes of CONST memory

Errors: none
Warnings: none

